[tlchandymanllc.com/index.html]
[backblue.gif]
[fade.gif]
[index.html]
[tlchandymanllc.com/wp-content/themes/astra/assets/css/minified/main.min5111.css]
[tlchandymanllc.com/wp-content/plugins/rometheme-for-elementor/widgets/assets/css/offcanvas51a2.css]
[tlchandymanllc.com/wp-content/plugins/rometheme-for-elementor/widgets/assets/css/navmenu51a2.css]
[tlchandymanllc.com/feed/index.html]
[tlchandymanllc.com/wp-content/plugins/rometheme-for-elementor/widgets/assets/css/rkit-navmenu51a2.css]
[tlchandymanllc.com/wp-content/plugins/rometheme-for-elementor/widgets/assets/css/search51a2.css]
[tlchandymanllc.com/comments/feed/index.html]
[tlchandymanllc.com/wp-content/plugins/rometheme-for-elementor/widgets/assets/css/rkit-blog-post51a2.css]
[tlchandymanllc.com/wp-content/plugins/rometheme-for-elementor/widgets/assets/css/rkit-post-block51a2.css]
[tlchandymanllc.com/wp-content/plugins/rometheme-for-elementor/widgets/assets/css/cta51a2.css]
[tlchandymanllc.com/wp-content/plugins/rometheme-for-elementor/widgets/assets/css/blockquote51a2.css]
[tlchandymanllc.com/wp-content/plugins/rometheme-for-elementor/widgets/assets/css/social_share51a2.css]
[tlchandymanllc.com/home/feed/index.html]
[tlchandymanllc.com/wp-content/plugins/rometheme-for-elementor/widgets/assets/css/rkit_team51a2.css]
[tlchandymanllc.com/wp-content/plugins/rometheme-for-elementor/widgets/assets/css/running_text51a2.css]
[tlchandymanllc.com/wp-content/plugins/rometheme-for-elementor/widgets/assets/css/animated_heading51a2.css]
[tlchandymanllc.com/wp-content/plugins/rometheme-for-elementor/widgets/assets/css/card_slider51a2.css]
[tlchandymanllc.com/wp-content/plugins/rometheme-for-elementor/widgets/assets/css/accordion51a2.css]
[tlchandymanllc.com/wp-content/plugins/rometheme-for-elementor/widgets/assets/css/testimonial_carousel51a2.css]
[tlchandymanllc.com/wp-content/plugins/rometheme-for-elementor/widgets/assets/css/swiper-bundle.min51a2.css]
[tlchandymanllc.com/wp-content/plugins/rometheme-for-elementor/widgets/assets/css/tabs51a2.css]
[tlchandymanllc.com/wp-content/plugins/rometheme-for-elementor/widgets/assets/css/progress-bar51a2.css]
[tlchandymanllc.com/wp-content/plugins/rometheme-for-elementor/widgets/assets/css/counter51a2.css]
[tlchandymanllc.com/wp-content/plugins/rometheme-for-elementor/widgets/assets/css/countdown51a2.css]
[tlchandymanllc.com/wp-content/plugins/rometheme-for-elementor/widgets/assets/css/pricelist51a2.css]
[tlchandymanllc.com/wp-content/plugins/rometheme-for-elementor/widgets/assets/css/advanced_heading51a2.css]
[tlchandymanllc.com/wp-content/plugins/rometheme-for-elementor/widgets/assets/css/image_comparison51a2.css]
[tlchandymanllc.com/wp-content/plugins/rometheme-for-elementor/widgets/assets/css/postlist51a2.css]
[tlchandymanllc.com/wp-content/plugins/rometheme-for-elementor/widgets/assets/css/pricingbox51a2.css]
[tlchandymanllc.com/wp-content/plugins/rometheme-for-elementor/widgets/assets/css/image_box51a2.css]
[tlchandymanllc.com/wp-content/plugins/rometheme-for-elementor/widgets/assets/css/image_accordion51a2.css]
[tlchandymanllc.com/wp-content/plugins/rometheme-for-elementor/widgets/assets/css/dual_button51a2.css]
[tlchandymanllc.com/wp-content/plugins/rometheme-for-elementor/widgets/assets/css/image_gallery51a2.css]
[tlchandymanllc.com/wp-content/plugins/rometheme-for-elementor/widgets/assets/css/home_slider51a2.css]
[tlchandymanllc.com/wp-content/plugins/rometheme-for-elementor/widgets/assets/css/woo_product_grid51a2.css]
[tlchandymanllc.com/wp-content/plugins/rometheme-for-elementor/widgets/assets/css/client_grid51a2.css]
[tlchandymanllc.com/wp-content/plugins/rometheme-for-elementor/widgets/assets/css/back_to_top51a2.css]
[tlchandymanllc.com/wp-content/plugins/rometheme-for-elementor/assets/css/rkit51a2.css]
[tlchandymanllc.com/wp-content/plugins/elementor/assets/css/frontend.min55cb.css]
[tlchandymanllc.com/wp-content/plugins/elementor/assets/css/widget-icon-list.min55cb.css]
[tlchandymanllc.com/wp-content/plugins/elementor/assets/css/widget-social-icons.min55cb.css]
[tlchandymanllc.com/wp-content/plugins/elementor/assets/css/conditionals/apple-webkit.min55cb.css]
[tlchandymanllc.com/wp-content/plugins/elementor/assets/css/widget-heading.min55cb.css]
[tlchandymanllc.com/wp-content/plugins/elementor/assets/lib/eicons/css/elementor-icons.min2778.css]
[tlchandymanllc.com/wp-content/uploads/elementor/css/post-95df8.css]
[tlchandymanllc.com/wp-content/plugins/rometheme-for-elementor/assets/css/tooltip51a2.css]
[tlchandymanllc.com/wp-content/plugins/elementor/assets/lib/swiper/v8/css/swiper.min94a4.css]
[tlchandymanllc.com/wp-content/plugins/elementor/assets/css/conditionals/e-swiper.min55cb.css]
[tlchandymanllc.com/wp-content/plugins/elementor-pro/assets/css/widget-form.min2801.css]
[tlchandymanllc.com/wp-content/plugins/elementor/assets/css/widget-spacer.min55cb.css]
[tlchandymanllc.com/wp-content/plugins/elementor/assets/css/widget-google_maps.min55cb.css]
[tlchandymanllc.com/wp-content/uploads/elementor/css/post-488555.css]
[tlchandymanllc.com/wp-content/uploads/elementor/css/post-555df8.css]
[tlchandymanllc.com/wp-content/uploads/elementor/css/post-4215df8.css]
[tlchandymanllc.com/wp-content/plugins/elementskit-lite/widgets/init/assets/css/widget-styles1aae.css]
[tlchandymanllc.com/wp-content/plugins/elementskit-lite/widgets/init/assets/css/responsive1aae.css]
[tlchandymanllc.com/wp-content/uploads/elementor/google-fonts/css/robotod0f3.css]
[tlchandymanllc.com/wp-content/uploads/elementor/google-fonts/css/robotoslab7721.css]
[tlchandymanllc.com/wp-content/uploads/elementor/google-fonts/css/nunitosans8006.css]
[tlchandymanllc.com/wp-content/uploads/elementor/google-fonts/css/poppins1d50.css]
[tlchandymanllc.com/wp-content/plugins/elementskit-lite/modules/elementskit-icon-pack/assets/css/ekiticons1aae.css]
[tlchandymanllc.com/wp-content/plugins/elementor/assets/lib/font-awesome/css/fontawesome.min52d5.css]
[tlchandymanllc.com/wp-content/plugins/elementor/assets/lib/font-awesome/css/solid.min52d5.css]
[tlchandymanllc.com/wp-content/plugins/rometheme-for-elementor/assets/css/rtmicon-regular51a2.css]
[tlchandymanllc.com/wp-content/plugins/elementor/assets/lib/font-awesome/css/brands.min52d5.css]
[tlchandymanllc.com/wp-content/plugins/cookie-law-info/lite/frontend/js/script.min26ef.js]
[tlchandymanllc.com/wp-includes/js/jquery/jquery.minf43b.js]
[tlchandymanllc.com/wp-includes/js/jquery/jquery-migrate.min5589.js]
[tlchandymanllc.com/wp-content/plugins/rometheme-for-elementor/widgets/assets/js/card_slider51a2.js]
[tlchandymanllc.com/wp-content/plugins/rometheme-for-elementor/widgets/assets/js/animated_heading51a2.js]
[tlchandymanllc.com/wp-content/plugins/rometheme-for-elementor/widgets/assets/js/accordion51a2.js]
[tlchandymanllc.com/wp-content/plugins/rometheme-for-elementor/widgets/assets/js/bar_chart51a2.js]
[tlchandymanllc.com/wp-content/plugins/rometheme-for-elementor/widgets/assets/js/line_chart51a2.js]
[tlchandymanllc.com/wp-content/plugins/rometheme-for-elementor/widgets/assets/js/pie_chart51a2.js]
[tlchandymanllc.com/wp-content/plugins/rometheme-for-elementor/widgets/assets/js/swiper-bundle.min51a2.js]
[tlchandymanllc.com/wp-json/wp/v2/pages/48.json]
[tlchandymanllc.com/wp-json/index.html]
[tlchandymanllc.com/xmlrpc0db0.php]
[tlchandymanllc.com/wp-json/oembed/1.0/embed2446.json]
[tlchandymanllc.com/wp-json/oembed/1.0/embedb613]
[tlchandymanllc.com/wp-content/uploads/2023/08/TLC-HANDYMAN-01-1-150x150.png]
[tlchandymanllc.com/about-us/index.html]
[tlchandymanllc.com/projects/index.html]
[tlchandymanllc.com/contact-us/index.html]
[tlchandymanllc.com/wp-content/uploads/2023/08/12-1.jpg]
[tlchandymanllc.com/wp-content/uploads/2023/08/11-1.jpg]
[tlchandymanllc.com/wp-content/uploads/2023/08/14.jpg]
[tlchandymanllc.com/wp-content/uploads/2023/08/38.jpg]
[tlchandymanllc.com/wp-content/uploads/2023/08/37.jpg]
[tlchandymanllc.com/wp-content/uploads/2023/08/42.jpg]
[tlchandymanllc.com/wp-content/uploads/2023/08/clients.png]
[tlchandymanllc.com/wp-content/plugins/rometheme-for-elementor/widgets/assets/js/navmenu51a2.js]
[tlchandymanllc.com/wp-content/plugins/rometheme-for-elementor/widgets/assets/js/rkit-navmenu51a2.js]
[tlchandymanllc.com/wp-content/plugins/rometheme-for-elementor/widgets/assets/js/running_text51a2.js]
[cdnjs.cloudflare.com/ajax/libs/Chart.js/3.5.1/chart.min51a2.js]
[tlchandymanllc.com/wp-content/plugins/rometheme-for-elementor/widgets/assets/js/testimonial_carousel51a2.js]
[tlchandymanllc.com/wp-content/plugins/rometheme-for-elementor/widgets/assets/js/countdown51a2.js]
[tlchandymanllc.com/wp-content/plugins/rometheme-for-elementor/widgets/assets/js/image_comparison51a2.js]
[tlchandymanllc.com/wp-content/plugins/rometheme-for-elementor/widgets/assets/js/image_accordion51a2.js]
[tlchandymanllc.com/wp-content/plugins/rometheme-for-elementor/widgets/assets/js/imagesloaded.pkgd.min51a2.js]
[tlchandymanllc.com/wp-content/plugins/rometheme-for-elementor/widgets/assets/js/back_to_top51a2.js]
[tlchandymanllc.com/wp-content/plugins/elementor/assets/js/webpack.runtime.min55cb.js]
[tlchandymanllc.com/wp-includes/js/jquery/ui/core.minb37e.js]
[tlchandymanllc.com/wp-content/plugins/elementor/assets/js/frontend.min55cb.js]
[tlchandymanllc.com/wp-content/plugins/elementor-pro/assets/lib/sticky/jquery.sticky.min2801.js]
[tlchandymanllc.com/wp-includes/js/imagesloaded.minbb93.js]
[tlchandymanllc.com/wp-content/plugins/elementskit-lite/widgets/init/assets/js/widget-scripts1aae.js]
[www.google.com/recaptcha/api88dc.js]
[tlchandymanllc.com/wp-includes/js/dist/i18n.minc33c.js]
[tlchandymanllc.com/wp-content/plugins/elementor-pro/assets/js/elements-handlers.min2801.js]
[tlchandymanllc.com/wp-content/plugins/elementskit-lite/widgets/init/assets/js/animate-circle.min1aae.js]
[tlchandymanllc.com/index.html]
[tlchandymanllc.com/wp-content/themes/astra/assets/css/minified/main.min5111.css]
[tlchandymanllc.com/wp-content/plugins/rometheme-for-elementor/widgets/assets/css/offcanvas51a2.css]
[tlchandymanllc.com/wp-content/plugins/rometheme-for-elementor/widgets/assets/css/navmenu51a2.css]
[tlchandymanllc.com/wp-content/plugins/rometheme-for-elementor/widgets/assets/css/headerinfo51a2.css]
[tlchandymanllc.com/wp-content/plugins/rometheme-for-elementor/widgets/assets/css/rkit-navmenu51a2.css]
[tlchandymanllc.com/wp-content/plugins/rometheme-for-elementor/widgets/assets/css/search51a2.css]
[tlchandymanllc.com/wp-content/plugins/rometheme-for-elementor/widgets/assets/css/site_logo51a2.css]
[tlchandymanllc.com/wp-content/plugins/rometheme-for-elementor/widgets/assets/css/rkit-blog-post51a2.css]
[tlchandymanllc.com/wp-content/plugins/rometheme-for-elementor/widgets/assets/css/rkit-post-block51a2.css]
[tlchandymanllc.com/wp-content/plugins/rometheme-for-elementor/widgets/assets/css/cta51a2.css]
[tlchandymanllc.com/wp-content/plugins/rometheme-for-elementor/widgets/assets/css/blockquote51a2.css]
[tlchandymanllc.com/wp-content/plugins/rometheme-for-elementor/widgets/assets/css/social_share51a2.css]
[tlchandymanllc.com/wp-content/plugins/rometheme-for-elementor/widgets/assets/css/rkit_team51a2.css]
[tlchandymanllc.com/wp-content/plugins/rometheme-for-elementor/widgets/assets/css/running_text51a2.css]
[tlchandymanllc.com/wp-content/plugins/rometheme-for-elementor/widgets/assets/css/animated_heading51a2.css]
[tlchandymanllc.com/wp-content/plugins/rometheme-for-elementor/widgets/assets/css/card_slider51a2.css]
[tlchandymanllc.com/wp-content/plugins/rometheme-for-elementor/widgets/assets/css/accordion51a2.css]
[tlchandymanllc.com/wp-content/plugins/rometheme-for-elementor/widgets/assets/css/testimonial_carousel51a2.css]
[tlchandymanllc.com/wp-content/plugins/rometheme-for-elementor/widgets/assets/css/swiper-bundle.min51a2.css]
[tlchandymanllc.com/wp-content/plugins/rometheme-for-elementor/widgets/assets/css/tabs51a2.css]
[tlchandymanllc.com/wp-content/plugins/rometheme-for-elementor/widgets/assets/css/progress-bar51a2.css]
[tlchandymanllc.com/wp-content/plugins/rometheme-for-elementor/widgets/assets/css/counter51a2.css]
[tlchandymanllc.com/wp-content/plugins/rometheme-for-elementor/widgets/assets/css/countdown51a2.css]
[tlchandymanllc.com/wp-content/plugins/rometheme-for-elementor/widgets/assets/css/pricelist51a2.css]
[tlchandymanllc.com/wp-content/plugins/rometheme-for-elementor/widgets/assets/css/advanced_heading51a2.css]
[tlchandymanllc.com/wp-content/plugins/rometheme-for-elementor/widgets/assets/css/image_comparison51a2.css]
[tlchandymanllc.com/wp-content/plugins/rometheme-for-elementor/widgets/assets/css/postlist51a2.css]
[tlchandymanllc.com/wp-content/plugins/rometheme-for-elementor/widgets/assets/css/pricingbox51a2.css]
[tlchandymanllc.com/wp-content/plugins/rometheme-for-elementor/widgets/assets/css/image_box51a2.css]
[tlchandymanllc.com/wp-content/plugins/rometheme-for-elementor/widgets/assets/css/image_accordion51a2.css]
[tlchandymanllc.com/wp-content/plugins/rometheme-for-elementor/widgets/assets/css/dual_button51a2.css]
[tlchandymanllc.com/wp-content/plugins/rometheme-for-elementor/widgets/assets/css/image_gallery51a2.css]
[tlchandymanllc.com/wp-content/plugins/rometheme-for-elementor/widgets/assets/css/home_slider51a2.css]
[tlchandymanllc.com/wp-content/plugins/rometheme-for-elementor/widgets/assets/css/woo_product_grid51a2.css]
[tlchandymanllc.com/wp-content/plugins/rometheme-for-elementor/widgets/assets/css/client_grid51a2.css]
[tlchandymanllc.com/wp-content/plugins/rometheme-for-elementor/widgets/assets/css/barchart51a2.css]
[tlchandymanllc.com/wp-content/plugins/rometheme-for-elementor/widgets/assets/css/linechart51a2.css]
[tlchandymanllc.com/wp-content/plugins/rometheme-for-elementor/widgets/assets/css/piechart51a2.css]
[tlchandymanllc.com/wp-content/plugins/rometheme-for-elementor/widgets/assets/css/back_to_top51a2.css]
[tlchandymanllc.com/wp-content/plugins/rometheme-for-elementor/assets/css/rtmicon-regular.css]
[tlchandymanllc.com/wp-content/plugins/rometheme-for-elementor/assets/css/rtmicons51a2.css]
[tlchandymanllc.com/wp-content/plugins/rometheme-for-elementor/assets/css/rkit51a2.css]
[tlchandymanllc.com/wp-content/plugins/elementor/assets/css/frontend.min55cb.css]
[tlchandymanllc.com/wp-content/plugins/elementor/assets/css/widget-icon-list.min55cb.css]
[tlchandymanllc.com/wp-content/plugins/elementor/assets/lib/animations/styles/e-animation-float.min55cb.css]
[tlchandymanllc.com/wp-content/plugins/elementor/assets/css/widget-social-icons.min55cb.css]
[tlchandymanllc.com/wp-content/plugins/elementor/assets/css/conditionals/apple-webkit.min55cb.css]
[tlchandymanllc.com/wp-content/plugins/elementor/assets/css/widget-image.min55cb.css]
[tlchandymanllc.com/wp-content/plugins/elementor-pro/assets/css/modules/sticky.min2801.css]
[tlchandymanllc.com/wp-content/plugins/elementor/assets/lib/animations/styles/fadeInRight.min55cb.css]
[tlchandymanllc.com/wp-content/plugins/elementor/assets/lib/animations/styles/fadeInDown.min55cb.css]
[tlchandymanllc.com/wp-content/plugins/elementor/assets/css/widget-heading.min55cb.css]
[tlchandymanllc.com/wp-content/plugins/elementor/assets/lib/eicons/css/elementor-icons.min2778.css]
[tlchandymanllc.com/wp-content/uploads/elementor/css/post-95df8.css]
[tlchandymanllc.com/wp-content/plugins/rometheme-for-elementor/assets/css/tooltip51a2.css]
[tlchandymanllc.com/wp-content/plugins/elementor/assets/lib/swiper/v8/css/swiper.min94a4.css]
[tlchandymanllc.com/wp-content/plugins/elementor/assets/css/conditionals/e-swiper.min55cb.css]
[tlchandymanllc.com/wp-content/plugins/elementor/assets/lib/animations/styles/zoomIn.min55cb.css]
[tlchandymanllc.com/wp-content/plugins/elementor-pro/assets/css/widget-form.min2801.css]
[tlchandymanllc.com/wp-content/plugins/elementor/assets/css/widget-spacer.min55cb.css]
[tlchandymanllc.com/wp-content/plugins/elementor/assets/lib/animations/styles/fadeIn.min55cb.css]
[tlchandymanllc.com/wp-content/plugins/elementor/assets/lib/animations/styles/e-animation-shrink.min55cb.css]
[tlchandymanllc.com/wp-content/plugins/elementor/assets/css/widget-google_maps.min55cb.css]
[tlchandymanllc.com/wp-content/uploads/2023/08/project-white-house-livingston.jpg]
[tlchandymanllc.com/wp-content/uploads/2023/09/11.jpg]
[tlchandymanllc.com/wp-content/uploads/elementor/css/post-488555.css]
[tlchandymanllc.com/wp-content/uploads/elementor/css/post-555df8.css]
[tlchandymanllc.com/wp-content/uploads/2023/08/flooring-installation-scaled-1.webp]
[tlchandymanllc.com/wp-content/uploads/elementor/css/post-4215df8.css]
[tlchandymanllc.com/wp-content/plugins/elementskit-lite/widgets/init/assets/css/widget-styles1aae.css]
[tlchandymanllc.com/wp-content/plugins/elementskit-lite/widgets/init/assets/css/responsive1aae.css]
[tlchandymanllc.com/wp-content/uploads/elementor/google-fonts/css/robotod0f3.css]
[tlchandymanllc.com/wp-content/uploads/elementor/google-fonts/css/robotoslab7721.css]
[tlchandymanllc.com/wp-content/uploads/elementor/google-fonts/fonts/nunitosans-pe0tmimslybiv1o4x1m8ce2xcx3yop4tqpf_metm0lfgwvpnn64cl7u8uphzibmv51q42ptcp7t1r-s.woff2]
[tlchandymanllc.com/wp-content/uploads/elementor/google-fonts/css/nunitosans8006.css]
[tlchandymanllc.com/wp-content/uploads/elementor/google-fonts/fonts/poppins-pxibyp8kv8jhgfvrlcz7z1xlfq.woff2]
[tlchandymanllc.com/wp-content/uploads/elementor/google-fonts/css/poppins1d50.css]
[tlchandymanllc.com/wp-content/plugins/elementskit-lite/modules/elementskit-icon-pack/assets/css/ekiticons1aae.css]
[tlchandymanllc.com/wp-content/plugins/elementor/assets/lib/font-awesome/css/fontawesome.min52d5.css]
[tlchandymanllc.com/wp-content/plugins/elementskit-lite/modules/elementskit-icon-pack/assets/fonts/elementskit97ac.woff]
[tlchandymanllc.com/wp-content/plugins/elementor/assets/lib/font-awesome/webfonts/fa-solid-900.woff2]
[tlchandymanllc.com/wp-content/plugins/elementor/assets/lib/font-awesome/css/solid.min52d5.css]
[tlchandymanllc.com/wp-content/plugins/rometheme-for-elementor/assets/css/rtmicon-regular51a2.css]
[tlchandymanllc.com/wp-content/plugins/elementor/assets/lib/font-awesome/webfonts/fa-brands-400.woff2]
[tlchandymanllc.com/wp-content/plugins/elementor/assets/lib/font-awesome/css/brands.min52d5.css]
[tlchandymanllc.com/wp-content/plugins/cookie-law-info/lite/frontend/js/script.min26ef.js]
[tlchandymanllc.com/wp-includes/js/jquery/jquery.minf43b.js]
[tlchandymanllc.com/wp-includes/js/jquery/jquery-migrate.min5589.js]
[tlchandymanllc.com/wp-content/plugins/rometheme-for-elementor/widgets/assets/js/card_slider51a2.js]
[tlchandymanllc.com/wp-content/plugins/rometheme-for-elementor/widgets/assets/js/animated_heading51a2.js]
[tlchandymanllc.com/wp-content/plugins/rometheme-for-elementor/widgets/assets/js/accordion51a2.js]
[tlchandymanllc.com/wp-content/plugins/rometheme-for-elementor/widgets/assets/js/bar_chart51a2.js]
[tlchandymanllc.com/wp-content/plugins/rometheme-for-elementor/widgets/assets/js/line_chart51a2.js]
[tlchandymanllc.com/wp-content/plugins/rometheme-for-elementor/widgets/assets/js/pie_chart51a2.js]
[tlchandymanllc.com/wp-content/plugins/rometheme-for-elementor/widgets/assets/js/swiper-bundle.min51a2.js]
[tlchandymanllc.com/xmlrpc.html]
[tlchandymanllc.com/wp-content/uploads/2023/08/TLC-HANDYMAN-01-1.html]
[tlchandymanllc.com/wp-content/plugins/elementor/assets/lib/animations/styles/bounceInLeft.min55cb.css]
[tlchandymanllc.com/wp-content/uploads/2023/09/35.jpg]
[tlchandymanllc.com/about-us/index.html]
[tlchandymanllc.com/services/index.html]
[tlchandymanllc.com/projects/index.html]
[tlchandymanllc.com/wp-content/uploads/elementor/css/post-757fe0c.css]
[tlchandymanllc.com/contact-us/index.html]
[tlchandymanllc.com/services.html]
[tlchandymanllc.com/wp-content/uploads/2023/08/29.html]
[tlchandymanllc.com/wp-content/uploads/2023/08/7.html]
[tlchandymanllc.com/wp-content/uploads/2023/08/48.html]
[tlchandymanllc.com/wp-content/uploads/2023/08/26.html]
[tlchandymanllc.com/wp-content/uploads/2023/08/30.html]
[tlchandymanllc.com/wp-content/uploads/2023/08/25.html]
[tlchandymanllc.com/wp-content/uploads/2023/08/18.html]
[tlchandymanllc.com/wp-content/uploads/2023/08/16.html]
[tlchandymanllc.com/wp-content/uploads/2023/08/15.html]
[tlchandymanllc.com/wp-content/uploads/2023/08/44.html]
[tlchandymanllc.com/wp-content/uploads/2023/08/31.html]
[tlchandymanllc.com/wp-content/uploads/2023/08/6.html]
[tlchandymanllc.com/wp-content/uploads/2023/08/24.html]
[tlchandymanllc.com/wp-content/uploads/2023/08/8.html]
[tlchandymanllc.com/wp-content/uploads/2023/08/5.html]
[tlchandymanllc.com/wp-content/uploads/2023/08/13.html]
[tlchandymanllc.com/wp-content/uploads/2023/08/2.html]
[tlchandymanllc.com/contact-us.html]
[tlchandymanllc.com/projects.html]
[tlchandymanllc.com/wp-content/themes/astra/assets/js/minified/frontend.min5111.html]
[tlchandymanllc.com/wp-content/plugins/rometheme-for-elementor/widgets/assets/js/offcanvas51a2.html]
[tlchandymanllc.com/wp-content/plugins/rometheme-for-elementor/widgets/assets/js/navmenu51a2.js]
[tlchandymanllc.com/wp-content/plugins/rometheme-for-elementor/widgets/assets/js/rkit-navmenu51a2.js]
[tlchandymanllc.com/wp-content/plugins/rometheme-for-elementor/widgets/assets/js/social_share51a2.html]
[tlchandymanllc.com/wp-content/plugins/rometheme-for-elementor/widgets/assets/js/running_text51a2.js]
[tlchandymanllc.com/wp-content/plugins/rometheme-for-elementor/widgets/assets/js/testimonial_carousel51a2.js]
[tlchandymanllc.com/wp-content/plugins/rometheme-for-elementor/widgets/assets/js/tabs51a2.html]
[tlchandymanllc.com/wp-content/plugins/rometheme-for-elementor/widgets/assets/js/progress51a2.html]
[tlchandymanllc.com/wp-content/plugins/rometheme-for-elementor/widgets/assets/js/counter51a2.html]
[tlchandymanllc.com/wp-content/plugins/rometheme-for-elementor/widgets/assets/js/countdown51a2.js]
[tlchandymanllc.com/wp-content/plugins/rometheme-for-elementor/widgets/assets/js/image_comparison51a2.js]
[tlchandymanllc.com/wp-content/plugins/rometheme-for-elementor/widgets/assets/js/image_accordion51a2.js]
[tlchandymanllc.com/wp-content/plugins/rometheme-for-elementor/widgets/assets/js/image_gallery51a2.html]
[tlchandymanllc.com/wp-content/plugins/rometheme-for-elementor/widgets/assets/js/masonry.pkgd.min51a2.html]
[tlchandymanllc.com/wp-content/plugins/rometheme-for-elementor/widgets/assets/js/imagesloaded.pkgd.min51a2.js]
[tlchandymanllc.com/wp-content/plugins/rometheme-for-elementor/widgets/assets/js/home_slider51a2.html]
[tlchandymanllc.com/wp-content/plugins/rometheme-for-elementor/widgets/assets/js/back_to_top51a2.js]
[tlchandymanllc.com/wp-content/plugins/elementor/assets/js/webpack.runtime.min55cb.js]
[tlchandymanllc.com/wp-content/plugins/elementor/assets/js/frontend-modules.min55cb.html]
[tlchandymanllc.com/wp-includes/js/jquery/ui/core.minb37e.js]
[tlchandymanllc.com/wp-content/plugins/elementor/assets/js/frontend.min55cb.js]
[tlchandymanllc.com/wp-content/plugins/elementor-pro/assets/lib/sticky/jquery.sticky.min2801.js]
[tlchandymanllc.com/wp-content/plugins/elementor/assets/lib/swiper/v8/swiper.min94a4.html]
[tlchandymanllc.com/wp-includes/js/imagesloaded.minbb93.js]
[tlchandymanllc.com/wp-content/plugins/elementskit-lite/libs/framework/assets/js/frontend-script1aae.js]
[tlchandymanllc.com/wp-content/plugins/elementskit-lite/widgets/init/assets/js/widget-scripts1aae.js]
[tlchandymanllc.com/wp-content/plugins/wp-statistics/assets/js/tracker73d7.html]
[tlchandymanllc.com/wp-content/plugins/elementor-pro/assets/js/webpack-pro.runtime.min2801.html]
[tlchandymanllc.com/wp-includes/js/dist/hooks.min4fdd.html]
[tlchandymanllc.com/wp-includes/js/dist/i18n.minc33c.js]
[tlchandymanllc.com/wp-content/plugins/elementor-pro/assets/js/frontend.min2801.html]
[tlchandymanllc.com/wp-content/plugins/elementor-pro/assets/js/elements-handlers.min2801.js]
[tlchandymanllc.com/wp-content/plugins/elementskit-lite/widgets/init/assets/js/animate-circle.min1aae.js]
[tlchandymanllc.com/wp-content/plugins/elementskit-lite/widgets/init/assets/js/elementor1aae.html]
[tlchandymanllc.com/wp-content/plugins/rometheme-for-elementor/assets/css/rtmicon-regular.css]
[tlchandymanllc.com/wp-content/plugins/rometheme-for-elementor/assets/css/rtmicon-thin.html]
[tlchandymanllc.com/wp-content/plugins/elementor/assets/lib/eicons/fonts/eicons4518.html]
[tlchandymanllc.com/wp-content/plugins/elementor/assets/lib/eicons/fonts/eicons4518-2.html]
[tlchandymanllc.com/wp-content/plugins/elementor/assets/lib/eicons/fonts/eicons4518-3.html]
[tlchandymanllc.com/wp-content/plugins/elementor/assets/lib/eicons/fonts/eicons4518-4.html]
[tlchandymanllc.com/wp-content/plugins/elementor/assets/lib/eicons/fonts/eicons4518-5.html]
[tlchandymanllc.com/wp-content/uploads/2023/08/selective-focus-of-handyman-holding-hammer-while-r-8KB24RLa.html]
[tlchandymanllc.com/wp-content/uploads/2023/08/remodeling-services.html]
[tlchandymanllc.com/wp-content/plugins/elementskit-lite/widgets/init/assets/img/arrow.html]
[tlchandymanllc.com/wp-content/plugins/elementskit-lite/widgets/init/assets/img/sort_asc.html]
[tlchandymanllc.com/wp-content/plugins/elementskit-lite/widgets/init/assets/img/sort_desc.html]
[tlchandymanllc.com/wp-content/plugins/elementskit-lite/widgets/init/assets/img/sort_asc_disabled.html]
[tlchandymanllc.com/wp-content/plugins/elementskit-lite/widgets/init/assets/img/cross-out.html]
[tlchandymanllc.com/wp-content/uploads/elementor/google-fonts/fonts/roboto-kfo5cnqeu92fr1mu53zec9_vu3r1gihoszmkc3kawzu.html]
[tlchandymanllc.com/wp-content/uploads/elementor/google-fonts/fonts/roboto-kfo5cnqeu92fr1mu53zec9_vu3r1gihoszmkankawzu.html]
[tlchandymanllc.com/wp-content/uploads/elementor/google-fonts/fonts/roboto-kfo5cnqeu92fr1mu53zec9_vu3r1gihoszmkcnkawzu.html]
[tlchandymanllc.com/wp-content/uploads/elementor/google-fonts/fonts/roboto-kfo5cnqeu92fr1mu53zec9_vu3r1gihoszmkbxkawzu.html]
[tlchandymanllc.com/wp-content/uploads/elementor/google-fonts/fonts/roboto-kfo5cnqeu92fr1mu53zec9_vu3r1gihoszmkenkawzu.html]
[tlchandymanllc.com/wp-content/uploads/elementor/google-fonts/fonts/roboto-kfo5cnqeu92fr1mu53zec9_vu3r1gihoszmkahkawzu.html]
[tlchandymanllc.com/wp-content/uploads/elementor/google-fonts/fonts/roboto-kfo5cnqeu92fr1mu53zec9_vu3r1gihoszmkcxkawzu.html]
[tlchandymanllc.com/wp-content/uploads/elementor/google-fonts/fonts/roboto-kfo5cnqeu92fr1mu53zec9_vu3r1gihoszmkchkawzu.html]
[tlchandymanllc.com/wp-content/uploads/elementor/google-fonts/fonts/roboto-kfo5cnqeu92fr1mu53zec9_vu3r1gihoszmkbnka.html]
[tlchandymanllc.com/wp-content/uploads/elementor/google-fonts/fonts/roboto-kfo7cnqeu92fr1me7ksn66agldtyluama3gubgee.html]
[tlchandymanllc.com/wp-content/uploads/elementor/google-fonts/fonts/roboto-kfo7cnqeu92fr1me7ksn66agldtyluama3iubgee.html]
[tlchandymanllc.com/wp-content/uploads/elementor/google-fonts/fonts/roboto-kfo7cnqeu92fr1me7ksn66agldtyluama3cubgee.html]
[tlchandymanllc.com/wp-content/uploads/elementor/google-fonts/fonts/roboto-kfo7cnqeu92fr1me7ksn66agldtyluama3-ubgee.html]
[tlchandymanllc.com/wp-content/uploads/elementor/google-fonts/fonts/roboto-kfo7cnqeu92fr1me7ksn66agldtyluamawcubgee.html]
[tlchandymanllc.com/wp-content/uploads/elementor/google-fonts/fonts/roboto-kfo7cnqeu92fr1me7ksn66agldtyluamaxkubgee.html]
[tlchandymanllc.com/wp-content/uploads/elementor/google-fonts/fonts/roboto-kfo7cnqeu92fr1me7ksn66agldtyluama3oubgee.html]
[tlchandymanllc.com/wp-content/uploads/elementor/google-fonts/fonts/roboto-kfo7cnqeu92fr1me7ksn66agldtyluama3kubgee.html]
[tlchandymanllc.com/wp-content/uploads/elementor/google-fonts/fonts/roboto-kfo7cnqeu92fr1me7ksn66agldtyluama3yuba.html]
[tlchandymanllc.com/wp-content/uploads/elementor/google-fonts/fonts/robotoslab-bngmuxzytxpivibgjjsb6ufa5qw54a.html]
[tlchandymanllc.com/wp-content/uploads/elementor/google-fonts/fonts/robotoslab-bngmuxzytxpivibgjjsb6ufj5qw54a.html]
[tlchandymanllc.com/wp-content/uploads/elementor/google-fonts/fonts/robotoslab-bngmuxzytxpivibgjjsb6ufb5qw54a.html]
[tlchandymanllc.com/wp-content/uploads/elementor/google-fonts/fonts/robotoslab-bngmuxzytxpivibgjjsb6ufo5qw54a.html]
[tlchandymanllc.com/wp-content/uploads/elementor/google-fonts/fonts/robotoslab-bngmuxzytxpivibgjjsb6ufc5qw54a.html]
[tlchandymanllc.com/wp-content/uploads/elementor/google-fonts/fonts/robotoslab-bngmuxzytxpivibgjjsb6ufd5qw54a.html]
[tlchandymanllc.com/wp-content/uploads/elementor/google-fonts/fonts/robotoslab-bngmuxzytxpivibgjjsb6ufn5qu.html]
[tlchandymanllc.com/wp-content/uploads/elementor/google-fonts/fonts/nunitosans-pe0rmimslybiv1o4x1m8cce4odvismz5nzrqy6cmmmu3t2fqweaeovv9wnvrwlnstmkw3y6k5wmwd-raly50.html]
[tlchandymanllc.com/wp-content/uploads/elementor/google-fonts/fonts/nunitosans-pe0rmimslybiv1o4x1m8cce4odvismz5nzrqy6cmmmu3t2fqweaeovv9wnvrwlnstmkw3y6k5wmwd-1aly50.html]
[tlchandymanllc.com/wp-content/uploads/elementor/google-fonts/fonts/nunitosans-pe0rmimslybiv1o4x1m8cce4odvismz5nzrqy6cmmmu3t2fqweaeovv9wnvrwlnstmkw3y6k5wmwd-zaly50.html]
[tlchandymanllc.com/wp-content/uploads/elementor/google-fonts/fonts/nunitosans-pe0rmimslybiv1o4x1m8cce4odvismz5nzrqy6cmmmu3t2fqweaeovv9wnvrwlnstmkw3y6k5wmwd-daly50.html]
[tlchandymanllc.com/wp-content/uploads/elementor/google-fonts/fonts/nunitosans-pe0rmimslybiv1o4x1m8cce4odvismz5nzrqy6cmmmu3t2fqweaeovv9wnvrwlnstmkw3y6k5wmwd-lalq.html]
[tlchandymanllc.com/wp-content/uploads/elementor/google-fonts/fonts/nunitosans-pe0tmimslybiv1o4x1m8ce2xcx3yop4tqpf_metm0lfgwvpnn64cl7u8uphzibmv51q42ptcp7t4r-tckq.html]
[tlchandymanllc.com/wp-content/uploads/elementor/google-fonts/fonts/nunitosans-pe0tmimslybiv1o4x1m8ce2xcx3yop4tqpf_metm0lfgwvpnn64cl7u8uphzibmv51q42ptcp7txr-tckq.html]
[tlchandymanllc.com/wp-content/uploads/elementor/google-fonts/fonts/nunitosans-pe0tmimslybiv1o4x1m8ce2xcx3yop4tqpf_metm0lfgwvpnn64cl7u8uphzibmv51q42ptcp7t6r-tckq.html]
[tlchandymanllc.com/wp-content/uploads/elementor/google-fonts/fonts/nunitosans-pe0tmimslybiv1o4x1m8ce2xcx3yop4tqpf_metm0lfgwvpnn64cl7u8uphzibmv51q42ptcp7t7r-tckq.html]
[tlchandymanllc.com/wp-content/uploads/elementor/google-fonts/fonts/poppins-pxiayp8kv8jhgfvrjjlme0tdmpkzsq.html]
[tlchandymanllc.com/wp-content/uploads/elementor/google-fonts/fonts/poppins-pxiayp8kv8jhgfvrjjlme0tmmpkzsq.html]
[tlchandymanllc.com/wp-content/uploads/elementor/google-fonts/fonts/poppins-pxiayp8kv8jhgfvrjjlme0tcmpi.html]
[tlchandymanllc.com/wp-content/uploads/elementor/google-fonts/fonts/poppins-pxidyp8kv8jhgfvrjjlmv1pvfteoceg.html]
[tlchandymanllc.com/wp-content/uploads/elementor/google-fonts/fonts/poppins-pxidyp8kv8jhgfvrjjlmv1pvgdeoceg.html]
[tlchandymanllc.com/wp-content/uploads/elementor/google-fonts/fonts/poppins-pxidyp8kv8jhgfvrjjlmv1pvf9eo.html]
[tlchandymanllc.com/wp-content/uploads/elementor/google-fonts/fonts/poppins-pxidyp8kv8jhgfvrjjlm21lvfteoceg.html]
[tlchandymanllc.com/wp-content/uploads/elementor/google-fonts/fonts/poppins-pxidyp8kv8jhgfvrjjlm21lvgdeoceg.html]
[tlchandymanllc.com/wp-content/uploads/elementor/google-fonts/fonts/poppins-pxidyp8kv8jhgfvrjjlm21lvf9eo.html]
[tlchandymanllc.com/wp-content/uploads/elementor/google-fonts/fonts/poppins-pxigyp8kv8jhgfvrjjlucxtakpy.html]
[tlchandymanllc.com/wp-content/uploads/elementor/google-fonts/fonts/poppins-pxigyp8kv8jhgfvrjjlufntakpy.html]
[tlchandymanllc.com/wp-content/uploads/elementor/google-fonts/fonts/poppins-pxigyp8kv8jhgfvrjjluchta.html]
[tlchandymanllc.com/wp-content/uploads/elementor/google-fonts/fonts/poppins-pxidyp8kv8jhgfvrjjlmg1hvfteoceg.html]
[tlchandymanllc.com/wp-content/uploads/elementor/google-fonts/fonts/poppins-pxidyp8kv8jhgfvrjjlmg1hvgdeoceg.html]
[tlchandymanllc.com/wp-content/uploads/elementor/google-fonts/fonts/poppins-pxidyp8kv8jhgfvrjjlmg1hvf9eo.html]
[tlchandymanllc.com/wp-content/uploads/elementor/google-fonts/fonts/poppins-pxidyp8kv8jhgfvrjjlmr19vfteoceg.html]
[tlchandymanllc.com/wp-content/uploads/elementor/google-fonts/fonts/poppins-pxidyp8kv8jhgfvrjjlmr19vgdeoceg.html]
[tlchandymanllc.com/wp-content/uploads/elementor/google-fonts/fonts/poppins-pxidyp8kv8jhgfvrjjlmr19vf9eo.html]
[tlchandymanllc.com/wp-content/uploads/elementor/google-fonts/fonts/poppins-pxidyp8kv8jhgfvrjjlmy15vfteoceg.html]
[tlchandymanllc.com/wp-content/uploads/elementor/google-fonts/fonts/poppins-pxidyp8kv8jhgfvrjjlmy15vgdeoceg.html]
[tlchandymanllc.com/wp-content/uploads/elementor/google-fonts/fonts/poppins-pxidyp8kv8jhgfvrjjlmy15vf9eo.html]
[tlchandymanllc.com/wp-content/uploads/elementor/google-fonts/fonts/poppins-pxidyp8kv8jhgfvrjjlm111vfteoceg.html]
[tlchandymanllc.com/wp-content/uploads/elementor/google-fonts/fonts/poppins-pxidyp8kv8jhgfvrjjlm111vgdeoceg.html]
[tlchandymanllc.com/wp-content/uploads/elementor/google-fonts/fonts/poppins-pxidyp8kv8jhgfvrjjlm111vf9eo.html]
[tlchandymanllc.com/wp-content/uploads/elementor/google-fonts/fonts/poppins-pxidyp8kv8jhgfvrjjlm81xvfteoceg.html]
[tlchandymanllc.com/wp-content/uploads/elementor/google-fonts/fonts/poppins-pxidyp8kv8jhgfvrjjlm81xvgdeoceg.html]
[tlchandymanllc.com/wp-content/uploads/elementor/google-fonts/fonts/poppins-pxidyp8kv8jhgfvrjjlm81xvf9eo.html]
[tlchandymanllc.com/wp-content/uploads/elementor/google-fonts/fonts/poppins-pxigyp8kv8jhgfvrlptucxtakpy.html]
[tlchandymanllc.com/wp-content/uploads/elementor/google-fonts/fonts/poppins-pxigyp8kv8jhgfvrlptufntakpy.html]
[tlchandymanllc.com/wp-content/uploads/elementor/google-fonts/fonts/poppins-pxigyp8kv8jhgfvrlptuchta.html]
[tlchandymanllc.com/wp-content/uploads/elementor/google-fonts/fonts/poppins-pxibyp8kv8jhgfvrlfj_z11lfc-k.html]
[tlchandymanllc.com/wp-content/uploads/elementor/google-fonts/fonts/poppins-pxibyp8kv8jhgfvrlfj_z1jlfc-k.html]
[tlchandymanllc.com/wp-content/uploads/elementor/google-fonts/fonts/poppins-pxibyp8kv8jhgfvrlfj_z1xlfq.html]
[tlchandymanllc.com/wp-content/uploads/elementor/google-fonts/fonts/poppins-pxibyp8kv8jhgfvrldz8z11lfc-k.html]
[tlchandymanllc.com/wp-content/uploads/elementor/google-fonts/fonts/poppins-pxibyp8kv8jhgfvrldz8z1jlfc-k.html]
[tlchandymanllc.com/wp-content/uploads/elementor/google-fonts/fonts/poppins-pxibyp8kv8jhgfvrldz8z1xlfq.html]
[tlchandymanllc.com/wp-content/uploads/elementor/google-fonts/fonts/poppins-pxieyp8kv8jhgfvrjjbecmne.html]
[tlchandymanllc.com/wp-content/uploads/elementor/google-fonts/fonts/poppins-pxieyp8kv8jhgfvrjjnecmne.html]
[tlchandymanllc.com/wp-content/uploads/elementor/google-fonts/fonts/poppins-pxieyp8kv8jhgfvrjjfecg.html]
[tlchandymanllc.com/wp-content/uploads/elementor/google-fonts/fonts/poppins-pxibyp8kv8jhgfvrlgt9z11lfc-k.html]
[tlchandymanllc.com/wp-content/uploads/elementor/google-fonts/fonts/poppins-pxibyp8kv8jhgfvrlgt9z1jlfc-k.html]
[tlchandymanllc.com/wp-content/uploads/elementor/google-fonts/fonts/poppins-pxibyp8kv8jhgfvrlgt9z1xlfq.html]
[tlchandymanllc.com/wp-content/uploads/elementor/google-fonts/fonts/poppins-pxibyp8kv8jhgfvrlej6z11lfc-k.html]
[tlchandymanllc.com/wp-content/uploads/elementor/google-fonts/fonts/poppins-pxibyp8kv8jhgfvrlej6z1jlfc-k.html]
[tlchandymanllc.com/wp-content/uploads/elementor/google-fonts/fonts/poppins-pxibyp8kv8jhgfvrlej6z1xlfq.html]
[tlchandymanllc.com/wp-content/uploads/elementor/google-fonts/fonts/poppins-pxibyp8kv8jhgfvrlcz7z11lfc-k.html]
[tlchandymanllc.com/wp-content/uploads/elementor/google-fonts/fonts/poppins-pxibyp8kv8jhgfvrlcz7z1jlfc-k.html]
[tlchandymanllc.com/wp-content/uploads/elementor/google-fonts/fonts/poppins-pxibyp8kv8jhgfvrldd4z11lfc-k.html]
[tlchandymanllc.com/wp-content/uploads/elementor/google-fonts/fonts/poppins-pxibyp8kv8jhgfvrldd4z1jlfc-k.html]
[tlchandymanllc.com/wp-content/uploads/elementor/google-fonts/fonts/poppins-pxibyp8kv8jhgfvrldd4z1xlfq.html]
[tlchandymanllc.com/wp-content/uploads/elementor/google-fonts/fonts/poppins-pxibyp8kv8jhgfvrlbt5z11lfc-k.html]
[tlchandymanllc.com/wp-content/uploads/elementor/google-fonts/fonts/poppins-pxibyp8kv8jhgfvrlbt5z1jlfc-k.html]
[tlchandymanllc.com/wp-content/uploads/elementor/google-fonts/fonts/poppins-pxibyp8kv8jhgfvrlbt5z1xlfq.html]
[tlchandymanllc.com/wp-content/plugins/elementor/assets/lib/font-awesome/webfonts/fa-solid-900.html]
[tlchandymanllc.com/wp-content/plugins/elementor/assets/lib/font-awesome/webfonts/fa-solid-900d41d.html]
[tlchandymanllc.com/wp-content/plugins/elementor/assets/lib/font-awesome/webfonts/fa-solid-901.html]
[tlchandymanllc.com/wp-content/plugins/elementor/assets/lib/font-awesome/webfonts/fa-solid-902.html]
[tlchandymanllc.com/wp-content/plugins/elementor/assets/lib/font-awesome/webfonts/fa-solid-903.html]
[tlchandymanllc.com/wp-content/plugins/rometheme-for-elementor/assets/fonts/rtmicons/rtmicon-regularf7aa.html]
[tlchandymanllc.com/wp-content/plugins/rometheme-for-elementor/assets/fonts/rtmicons/rtmicon-regularf7aa-2.html]
[tlchandymanllc.com/wp-content/plugins/rometheme-for-elementor/assets/fonts/rtmicons/rtmicon-regularf7aa-3.html]
[tlchandymanllc.com/wp-content/plugins/rometheme-for-elementor/assets/fonts/rtmicons/rtmicon-regularf7aa-4.html]
[tlchandymanllc.com/wp-content/plugins/elementor/assets/lib/font-awesome/webfonts/fa-brands-400.html]
[tlchandymanllc.com/wp-content/plugins/elementor/assets/lib/font-awesome/webfonts/fa-brands-400d41d.html]
[tlchandymanllc.com/wp-content/plugins/elementor/assets/lib/font-awesome/webfonts/fa-brands-401.html]
[tlchandymanllc.com/wp-content/plugins/elementor/assets/lib/font-awesome/webfonts/fa-brands-402.html]
[tlchandymanllc.com/wp-content/plugins/elementor/assets/lib/font-awesome/webfonts/fa-brands-403.html]
[tlchandymanllc.com/document.html]
[tlchandymanllc.com/t.html]
[img.youtube.com/vi/${a}/maxresdefault.jpg]
[tlchandymanllc.com/Version/index.html]
[tlchandymanllc.com/e.html]
[tlchandymanllc.com/t.params.html]
[tlchandymanllc.com/about-us/feed/index.html]
[tlchandymanllc.com/wp-content/plugins/elementor/assets/lib/animations/styles/bounceInLeft.min55cb.css]
[tlchandymanllc.com/wp-content/plugins/elementor/assets/css/widget-icon-box.min55cb.html]
[tlchandymanllc.com/wp-content/plugins/elementor/assets/lib/animations/styles/bounceInRight.min55cb.html]
[tlchandymanllc.com/wp-content/plugins/elementor/assets/lib/animations/styles/fadeInLeft.min55cb.html]
[tlchandymanllc.com/wp-content/uploads/elementor/css/post-6704d9f.html]
[tlchandymanllc.com/wp-content/uploads/elementor/google-fonts/css/oswaldd96e.html]
[tlchandymanllc.com/wp-content/uploads/elementor/google-fonts/css/latoac61.html]
[tlchandymanllc.com/wp-content/plugins/elementor/assets/lib/font-awesome/css/regular.min52d5.html]
[tlchandymanllc.com/wp-json/wp/v2/pages/670.html]
[tlchandymanllc.com/index767a.html]
[tlchandymanllc.com/wp-json/oembed/1.0/embed348b.html]
[tlchandymanllc.com/wp-json/oembed/1.0/embed38d6.html]
[tlchandymanllc.com/about-us.html]
[tlchandymanllc.com/projects/feed/index.html]
[tlchandymanllc.com/wp-content/plugins/elementor-pro/assets/css/widget-gallery.min2801.html]
[tlchandymanllc.com/wp-content/plugins/elementor/assets/lib/e-gallery/css/e-gallery.min7359.html]
[tlchandymanllc.com/wp-content/plugins/elementor-pro/assets/css/conditionals/transitions.min2801.html]
[tlchandymanllc.com/wp-content/uploads/elementor/css/post-8103855.html]
[tlchandymanllc.com/wp-json/wp/v2/pages/810.html]
[tlchandymanllc.com/index7efb.html]
[tlchandymanllc.com/wp-json/oembed/1.0/embed4fbc.html]
[tlchandymanllc.com/wp-json/oembed/1.0/embedc66c.html]
[tlchandymanllc.com/wp-content/uploads/2023/09/48.html]
[tlchandymanllc.com/wp-content/uploads/2023/09/47.html]
[tlchandymanllc.com/wp-content/uploads/2023/09/44.html]
[tlchandymanllc.com/wp-content/uploads/2023/09/42.html]
[tlchandymanllc.com/wp-content/uploads/2023/09/40.html]
[tlchandymanllc.com/wp-content/uploads/2023/09/39.html]
[tlchandymanllc.com/wp-content/uploads/2023/09/31.html]
[tlchandymanllc.com/wp-content/uploads/2023/09/32.html]
[tlchandymanllc.com/wp-content/uploads/2023/09/36.html]
[tlchandymanllc.com/wp-content/uploads/2023/09/37.html]
[tlchandymanllc.com/wp-content/uploads/2023/09/38.html]
[tlchandymanllc.com/wp-content/uploads/2023/09/30.html]
[tlchandymanllc.com/wp-content/uploads/2023/09/29.html]
[tlchandymanllc.com/wp-content/uploads/2023/09/28.html]
[tlchandymanllc.com/wp-content/uploads/2023/09/26.html]
[tlchandymanllc.com/wp-content/uploads/2023/09/27.html]
[tlchandymanllc.com/wp-content/uploads/2023/09/25.html]
[tlchandymanllc.com/wp-content/uploads/2023/09/19.html]
[tlchandymanllc.com/wp-content/uploads/2023/09/20.html]
[tlchandymanllc.com/wp-content/uploads/2023/09/21.html]
[tlchandymanllc.com/wp-content/uploads/2023/09/22.html]
[tlchandymanllc.com/wp-content/uploads/2023/09/23.html]
[tlchandymanllc.com/wp-content/uploads/2023/09/24.html]
[tlchandymanllc.com/wp-content/uploads/2023/09/18.html]
[tlchandymanllc.com/wp-content/uploads/2023/09/16.html]
[tlchandymanllc.com/wp-content/uploads/2023/09/15.html]
[tlchandymanllc.com/wp-content/uploads/2023/09/14.html]
[tlchandymanllc.com/wp-content/uploads/2023/09/12.html]
[tlchandymanllc.com/wp-content/plugins/elementor/assets/lib/e-gallery/js/e-gallery.min7359.html]
[tlchandymanllc.com/contact-us/feed/index.html]
[tlchandymanllc.com/wp-content/plugins/elementor/assets/lib/animations/styles/slideInLeft.min55cb.css]
[tlchandymanllc.com/wp-content/uploads/elementor/css/post-757fe0c.css]
[tlchandymanllc.com/wp-json/wp/v2/pages/757.html]
[tlchandymanllc.com/index3d1a.html]
[tlchandymanllc.com/wp-json/oembed/1.0/embed6d3b.html]
[tlchandymanllc.com/wp-json/oembed/1.0/embed0c07.html]
[tlchandymanllc.com/OPR/index.html]
[tlchandymanllc.com/window.location.html]
[tlchandymanllc.com/wp-content/uploads/2023/08/1.html]
